###############################################################################
#                                                                             #
# IAR C/C++ Compiler V8.10.3.10338/W32 for 8051         16/Dec/2014  18:18:03 #
# Copyright 2004-2011 IAR Systems AB.                                         #
#                                                                             #
#    Core               =  plain                                              #
#    Code model         =  banked                                             #
#    Data model         =  large                                              #
#    Calling convention =  xdata reentrant                                    #
#    Constant location  =  data_rom                                           #
#    Dptr setup         =  1,16                                               #
#    Source file        =  E:\Zigbee-timer\Texas Instruments\Projects\zstack\ #
#                          Samples\MyfirstAPP\Source\OSAL_MyfirstAppRouter.c  #
#    Command line       =  -f "E:\Zigbee-timer\Texas                          #
#                          Instruments\Projects\zstack\Samples\MyfirstAPP\CC2 #
#                          530DB\..\..\..\Tools\CC2530DB\f8wEndev.cfg"        #
#                          (-DCPU32MHZ -DROOT=__near_func -DBLINK_LEDS) -f    #
#                          "E:\Zigbee-timer\Texas Instruments\Projects\zstack #
#                          \Samples\MyfirstAPP\CC2530DB\..\..\..\Tools\CC2530 #
#                          DB\f8wConfig.cfg" (-DSECURE=0                      #
#                          -DZG_SECURE_DYNAMIC=0 -DREFLECTOR                  #
#                          -DDEFAULT_CHANLIST=0x02000000                      #
#                          -DZDAPP_CONFIG_PAN_ID=0xA1B2                       #
#                          -DNWK_START_DELAY=100 -DEXTENDED_JOINING_RANDOM_MA #
#                          SK=0x007F -DBEACON_REQUEST_DELAY=100               #
#                          -DBEACON_REQ_DELAY_MASK=0x00FF                     #
#                          -DROUTE_EXPIRY_TIME=30 -DAPSC_ACK_WAIT_DURATION_PO #
#                          LLED=3000 -DNWK_INDIRECT_MSG_TIMEOUT=7             #
#                          -DMAX_RREQ_ENTRIES=8 -DAPSC_MAX_FRAME_RETRIES=3    #
#                          -DNWK_MAX_DATA_RETRIES=2                           #
#                          -DMAX_POLL_FAILURE_RETRIES=2 -DMAX_BCAST=9         #
#                          -DAPS_MAX_GROUPS=16 -DMAX_RTG_ENTRIES=40           #
#                          -DNWK_MAX_BINDING_ENTRIES=4                        #
#                          -DMAX_BINDING_CLUSTER_IDS=4 "-DDEFAULT_KEY={0x01,  #
#                          0x03, 0x05, 0x07, 0x09, 0x0B, 0x0D, 0x0F, 0x00,    #
#                          0x02, 0x04, 0x06, 0x08, 0x0A, 0x0C, 0x0D}"         #
#                          -DMAC_MAX_FRAME_SIZE=116 "-DCONST=const __code"    #
#                          -DGENERIC=__generic -DRFD_RCVC_ALWAYS_ON=FALSE     #
#                          -DPOLL_RATE=1000 -DQUEUED_POLL_RATE=100            #
#                          -DRESPONSE_POLL_RATE=100) -DREJOIN_POLL_RATE=440   #
#                          "E:\Zigbee-timer\Texas Instruments\Projects\zstack #
#                          \Samples\MyfirstAPP\Source\OSAL_MyfirstAppRouter.c #
#                          " -D ZIGBEEPRO -D NWK_AUTO_POLL -D ZTOOL_P1 -D     #
#                          MT_TASK -D MT_SYS_FUNC -D MT_ZDO_FUNC -D           #
#                          LCD_SUPPORTED=DEBUG -D xPOWER_SAVING -lC           #
#                          "E:\Zigbee-timer\Texas Instruments\Projects\zstack #
#                          \Samples\MyfirstAPP\CC2530DB\EndDeviceEB-Pro\List\ #
#                          " -lA "E:\Zigbee-timer\Texas                       #
#                          Instruments\Projects\zstack\Samples\MyfirstAPP\CC2 #
#                          530DB\EndDeviceEB-Pro\List\" --diag_suppress       #
#                          Pe001,Pa010 -o "E:\Zigbee-timer\Texas              #
#                          Instruments\Projects\zstack\Samples\MyfirstAPP\CC2 #
#                          530DB\EndDeviceEB-Pro\Obj\" -e --debug             #
#                          --core=plain --dptr=16,1 --data_model=large        #
#                          --code_model=banked --calling_convention=xdata_ree #
#                          ntrant --place_constants=data_rom                  #
#                          --nr_virtual_regs 8 -I "E:\Zigbee-timer\Texas      #
#                          Instruments\Projects\zstack\Samples\MyfirstAPP\CC2 #
#                          530DB\" -I "E:\Zigbee-timer\Texas                  #
#                          Instruments\Projects\zstack\Samples\MyfirstAPP\CC2 #
#                          530DB\..\SOURCE\" -I "E:\Zigbee-timer\Texas        #
#                          Instruments\Projects\zstack\Samples\MyfirstAPP\CC2 #
#                          530DB\..\..\..\ZMAIN\TI2530DB\" -I                 #
#                          "E:\Zigbee-timer\Texas Instruments\Projects\zstack #
#                          \Samples\MyfirstAPP\CC2530DB\..\..\..\..\..\COMPON #
#                          ENTS\MT\" -I "E:\Zigbee-timer\Texas                #
#                          Instruments\Projects\zstack\Samples\MyfirstAPP\CC2 #
#                          530DB\..\..\..\..\..\COMPONENTS\HAL\INCLUDE\" -I   #
#                          "E:\Zigbee-timer\Texas Instruments\Projects\zstack #
#                          \Samples\MyfirstAPP\CC2530DB\..\..\..\..\..\COMPON #
#                          ENTS\HAL\TARGET\CC2530EB\" -I                      #
#                          "E:\Zigbee-timer\Texas Instruments\Projects\zstack #
#                          \Samples\MyfirstAPP\CC2530DB\..\..\..\..\..\COMPON #
#                          ENTS\OSAL\MCU\CCSOC\" -I "E:\Zigbee-timer\Texas    #
#                          Instruments\Projects\zstack\Samples\MyfirstAPP\CC2 #
#                          530DB\..\..\..\..\..\COMPONENTS\OSAL\INCLUDE\" -I  #
#                          "E:\Zigbee-timer\Texas Instruments\Projects\zstack #
#                          \Samples\MyfirstAPP\CC2530DB\..\..\..\..\..\COMPON #
#                          ENTS\STACK\AF\" -I "E:\Zigbee-timer\Texas          #
#                          Instruments\Projects\zstack\Samples\MyfirstAPP\CC2 #
#                          530DB\..\..\..\..\..\COMPONENTS\STACK\NWK\" -I     #
#                          "E:\Zigbee-timer\Texas Instruments\Projects\zstack #
#                          \Samples\MyfirstAPP\CC2530DB\..\..\..\..\..\COMPON #
#                          ENTS\STACK\SEC\" -I "E:\Zigbee-timer\Texas         #
#                          Instruments\Projects\zstack\Samples\MyfirstAPP\CC2 #
#                          530DB\..\..\..\..\..\COMPONENTS\STACK\SAPI\" -I    #
#                          "E:\Zigbee-timer\Texas Instruments\Projects\zstack #
#                          \Samples\MyfirstAPP\CC2530DB\..\..\..\..\..\COMPON #
#                          ENTS\STACK\SYS\" -I "E:\Zigbee-timer\Texas         #
#                          Instruments\Projects\zstack\Samples\MyfirstAPP\CC2 #
#                          530DB\..\..\..\..\..\COMPONENTS\STACK\ZDO\" -I     #
#                          "E:\Zigbee-timer\Texas Instruments\Projects\zstack #
#                          \Samples\MyfirstAPP\CC2530DB\..\..\..\..\..\COMPON #
#                          ENTS\ZMAC\F8W\" -I "E:\Zigbee-timer\Texas          #
#                          Instruments\Projects\zstack\Samples\MyfirstAPP\CC2 #
#                          530DB\..\..\..\..\..\COMPONENTS\ZMAC\" -I          #
#                          "E:\Zigbee-timer\Texas Instruments\Projects\zstack #
#                          \Samples\MyfirstAPP\CC2530DB\..\..\..\..\..\COMPON #
#                          ENTS\SERVICES\SADDR\" -I "E:\Zigbee-timer\Texas    #
#                          Instruments\Projects\zstack\Samples\MyfirstAPP\CC2 #
#                          530DB\..\..\..\..\..\COMPONENTS\SERVICES\SDATA\"   #
#                          -I "E:\Zigbee-timer\Texas                          #
#                          Instruments\Projects\zstack\Samples\MyfirstAPP\CC2 #
#                          530DB\..\..\..\..\..\COMPONENTS\MAC\INCLUDE\" -I   #
#                          "E:\Zigbee-timer\Texas Instruments\Projects\zstack #
#                          \Samples\MyfirstAPP\CC2530DB\..\..\..\..\..\COMPON #
#                          ENTS\MAC\HIGH_LEVEL\" -I "E:\Zigbee-timer\Texas    #
#                          Instruments\Projects\zstack\Samples\MyfirstAPP\CC2 #
#                          530DB\..\..\..\..\..\COMPONENTS\MAC\LOW_LEVEL\srf0 #
#                          4\" -I "E:\Zigbee-timer\Texas                      #
#                          Instruments\Projects\zstack\Samples\MyfirstAPP\CC2 #
#                          530DB\..\..\..\..\..\COMPONENTS\MAC\LOW_LEVEL\srf0 #
#                          4\SINGLE_CHIP\" -Ohz --require_prototypes          #
#    List file          =  E:\Zigbee-timer\Texas Instruments\Projects\zstack\ #
#                          Samples\MyfirstAPP\CC2530DB\EndDeviceEB-Pro\List\O #
#                          SAL_MyfirstAppRouter.lst                           #
#    Object file        =  E:\Zigbee-timer\Texas Instruments\Projects\zstack\ #
#                          Samples\MyfirstAPP\CC2530DB\EndDeviceEB-Pro\Obj\OS #
#                          AL_MyfirstAppRouter.r51                            #
#                                                                             #
#                                                                             #
###############################################################################

E:\Zigbee-timer\Texas Instruments\Projects\zstack\Samples\MyfirstAPP\Source\OSAL_MyfirstAppRouter.c
      1          #include "OSAL_MyfirstAppRouter.h"
      2          // The order in this table must be identical to the task initialization calls below in osalInitTask.

   \                                 In  segment XDATA_ROM_C, align 1
      3          const pTaskEventHandlerFn tasksArr[] = {
   \                     tasksArr:
   \   000000   ....         DW ??macEventLoop?relay
   \   000002   ....         DW ??nwk_event_loop?relay
   \   000004   ....         DW ??Hal_ProcessEvent?relay
   \   000006   ....         DW ??APS_event_loop?relay
   \   000008   ....         DW ??ZDApp_event_loop?relay
   \   00000A   ....         DW ??My_Task_Process_Event?relay
      4            macEventLoop,
      5            nwk_event_loop,
      6            Hal_ProcessEvent,
      7          
      8            APS_event_loop,
      9          
     10            ZDApp_event_loop,
     11          
     12            My_Task_Process_Event
     13          }; 
     14          //***sizeof(tasksArr[0]) = sizeof(pTaskEventHandlerFn)***********

   \                                 In  segment XDATA_ROM_C, align 1
     15          const uint8 tasksCnt = sizeof( tasksArr ) / sizeof( tasksArr[0] );
   \                     tasksCnt:
   \   000000   06           DB 6

   \                                 In  segment XDATA_Z, align 1, keep-with-next
     16          uint16 *tasksEvents = NULL;
   \                     tasksEvents:
   \   000000                DS 2
   \   000002                REQUIRE __INIT_XDATA_Z
     17          
     18          /*********************************************************************
     19           * @fn      osalInitTasks
     20           *
     21           * @brief   This function invokes the initialization function for each task.
     22           *
     23           * @param   void
     24           *
     25           * @return  none
     26           ****************************************************************/
     27          

   \                                 In  segment BANKED_CODE, align 1, keep-with-next
     28          void osalInitTasks( void )
   \                     osalInitTasks:
     29          {
   \   000000   C082         PUSH    DPL
   \   000002   C083         PUSH    DPH
   \   000004                ; Saved register size: 2
   \   000004                ; Auto size: 0
     30            uint8 taskID = 0;
     31          
     32            tasksEvents = (uint16 *)osal_mem_alloc( sizeof( uint16 ) * tasksCnt);
   \   000004                ; Setup parameters for call to function osal_mem_alloc
   \   000004   7A0C         MOV     R2,#0xc
   \   000006   7B00         MOV     R3,#0x0
   \   000008   12....       LCALL   ??osal_mem_alloc?relay
   \   00000B   90....       MOV     DPTR,#tasksEvents
   \   00000E   EA           MOV     A,R2
   \   00000F   F0           MOVX    @DPTR,A
   \   000010   A3           INC     DPTR
   \   000011   EB           MOV     A,R3
   \   000012   F0           MOVX    @DPTR,A
     33            osal_memset( tasksEvents, 0, (sizeof( uint16 ) * tasksCnt));
   \   000013                ; Setup parameters for call to function osal_memset
   \   000013   7C0C         MOV     R4,#0xc
   \   000015   7D00         MOV     R5,#0x0
   \   000017   7900         MOV     R1,#0x0
   \   000019   12....       LCALL   ??osal_memset?relay
     34          
     35            macTaskInit( taskID++ );
   \   00001C                ; Setup parameters for call to function macTaskInit
   \   00001C   7900         MOV     R1,#0x0
   \   00001E   12....       LCALL   ??macTaskInit?relay
     36            nwk_init( taskID++ );
   \   000021                ; Setup parameters for call to function nwk_init
   \   000021   7901         MOV     R1,#0x1
   \   000023   12....       LCALL   ??nwk_init?relay
     37            Hal_Init( taskID++ );
   \   000026                ; Setup parameters for call to function Hal_Init
   \   000026   7902         MOV     R1,#0x2
   \   000028   12....       LCALL   ??Hal_Init?relay
     38          
     39            APS_Init( taskID++ );
   \   00002B                ; Setup parameters for call to function APS_Init
   \   00002B   7903         MOV     R1,#0x3
   \   00002D   12....       LCALL   ??APS_Init?relay
     40          
     41            ZDApp_Init( taskID++ );
   \   000030                ; Setup parameters for call to function ZDApp_Init
   \   000030   7904         MOV     R1,#0x4
   \   000032   12....       LCALL   ??ZDApp_Init?relay
     42          
     43            My_Task_Init( taskID );
   \   000035                ; Setup parameters for call to function My_Task_Init
   \   000035   7905         MOV     R1,#0x5
   \   000037   12....       LCALL   ??My_Task_Init?relay
     44          }
   \   00003A   D083         POP     DPH
   \   00003C   D082         POP     DPL
   \   00003E   02....       LJMP    ?BRET

   \                                 In  segment BANK_RELAYS, align 1
   \                     ??osalInitTasks?relay:
   \   000000   12....       LCALL   ?BDISPATCH
   \   000003   ......       DC24    osalInitTasks
     45          
     46          /*********************************************************************
     47          *********************************************************************/

   Maximum stack usage in bytes:

     Function            ISTACK PSTACK XSTACK
     --------            ------ ------ ------
     osalInitTasks           2      0      0
       -> osal_mem_alloc     4      0      0
       -> osal_memset        4      0      0
       -> macTaskInit        4      0      0
       -> nwk_init           4      0      0
       -> Hal_Init           4      0      0
       -> APS_Init           4      0      0
       -> ZDApp_Init         4      0      0
       -> My_Task_Init       4      0      0


   Segment part sizes:

     Function/Label        Bytes
     --------------        -----
     tasksArr                12
     tasksCnt                 1
     tasksEvents              2
     osalInitTasks           65
     ??osalInitTasks?relay    6

 
 65 bytes in segment BANKED_CODE
  6 bytes in segment BANK_RELAYS
 13 bytes in segment XDATA_ROM_C
  2 bytes in segment XDATA_Z
 
 71 bytes of CODE  memory
 13 bytes of CONST memory
  2 bytes of XDATA memory

Errors: none
Warnings: none
