###############################################################################
#                                                                             #
# IAR C/C++ Compiler V8.10.3.10338/W32 for 8051         25/May/2019  10:12:11 #
# Copyright 2004-2011 IAR Systems AB.                                         #
#                                                                             #
#    Core               =  plain                                              #
#    Code model         =  banked                                             #
#    Data model         =  large                                              #
#    Calling convention =  xdata reentrant                                    #
#    Constant location  =  data_rom                                           #
#    Dptr setup         =  1,16                                               #
#    Source file        =  F:\Zigbee\1\Zigbee-TempFireHumi\Texas              #
#                          Instruments\Projects\zstack\Samples\MyfirstAPP\Sou #
#                          rce\smog.c                                         #
#    Command line       =  -f "F:\Zigbee\1\Zigbee-TempFireHumi\Texas          #
#                          Instruments\Projects\zstack\Samples\MyfirstAPP\CC2 #
#                          530DB\..\..\..\Tools\CC2530DB\f8wRouter.cfg"       #
#                          (-DCPU32MHZ -DROOT=__near_func                     #
#                          -DMAC_CFG_APP_PENDING_QUEUE=TRUE -DRTR_NWK         #
#                          -DBLINK_LEDS) -f "F:\Zigbee\1\Zigbee-TempFireHumi\ #
#                          Texas Instruments\Projects\zstack\Samples\MyfirstA #
#                          PP\CC2530DB\..\..\..\Tools\CC2530DB\f8wConfig.cfg" #
#                           (-DSECURE=0 -DZG_SECURE_DYNAMIC=0 -DREFLECTOR     #
#                          -DDEFAULT_CHANLIST=0x04000000                      #
#                          -DZDAPP_CONFIG_PAN_ID=0xA1B2                       #
#                          -DNWK_START_DELAY=100 -DEXTENDED_JOINING_RANDOM_MA #
#                          SK=0x007F -DBEACON_REQUEST_DELAY=100               #
#                          -DBEACON_REQ_DELAY_MASK=0x00FF                     #
#                          -DROUTE_EXPIRY_TIME=30 -DAPSC_ACK_WAIT_DURATION_PO #
#                          LLED=3000 -DNWK_INDIRECT_MSG_TIMEOUT=7             #
#                          -DMAX_RREQ_ENTRIES=8 -DAPSC_MAX_FRAME_RETRIES=3    #
#                          -DNWK_MAX_DATA_RETRIES=2                           #
#                          -DMAX_POLL_FAILURE_RETRIES=2 -DMAX_BCAST=9         #
#                          -DAPS_MAX_GROUPS=16 -DMAX_RTG_ENTRIES=40           #
#                          -DNWK_MAX_BINDING_ENTRIES=4                        #
#                          -DMAX_BINDING_CLUSTER_IDS=4 "-DDEFAULT_KEY={0x01,  #
#                          0x03, 0x05, 0x07, 0x09, 0x0B, 0x0D, 0x0F, 0x00,    #
#                          0x02, 0x04, 0x06, 0x08, 0x0A, 0x0C, 0x0D}"         #
#                          -DMAC_MAX_FRAME_SIZE=116 "-DCONST=const __code"    #
#                          -DGENERIC=__generic -DRFD_RCVC_ALWAYS_ON=FALSE     #
#                          -DPOLL_RATE=1000 -DQUEUED_POLL_RATE=100            #
#                          -DRESPONSE_POLL_RATE=100) -DREJOIN_POLL_RATE=440   #
#                          "F:\Zigbee\1\Zigbee-TempFireHumi\Texas             #
#                          Instruments\Projects\zstack\Samples\MyfirstAPP\Sou #
#                          rce\smog.c" -D ZIGBEEPRO -D ZTOOL_P1 -D MT_TASK    #
#                          -D MT_SYS_FUNC -D MT_ZDO_FUNC -D                   #
#                          LCD_SUPPORTED=DEBUG -lC "F:\Zigbee\1\Zigbee-TempFi #
#                          reHumi\Texas Instruments\Projects\zstack\Samples\M #
#                          yfirstAPP\CC2530DB\RouterEB-Pro\List\" -lA         #
#                          "F:\Zigbee\1\Zigbee-TempFireHumi\Texas             #
#                          Instruments\Projects\zstack\Samples\MyfirstAPP\CC2 #
#                          530DB\RouterEB-Pro\List\" --diag_suppress          #
#                          Pe001,Pa010 -o "F:\Zigbee\1\Zigbee-TempFireHumi\Te #
#                          xas Instruments\Projects\zstack\Samples\MyfirstAPP #
#                          \CC2530DB\RouterEB-Pro\Obj\" -e --debug            #
#                          --core=plain --dptr=16,1 --data_model=large        #
#                          --code_model=banked --calling_convention=xdata_ree #
#                          ntrant --place_constants=data_rom                  #
#                          --nr_virtual_regs 8 -I "F:\Zigbee\1\Zigbee-TempFir #
#                          eHumi\Texas Instruments\Projects\zstack\Samples\My #
#                          firstAPP\CC2530DB\" -I "F:\Zigbee\1\Zigbee-TempFir #
#                          eHumi\Texas Instruments\Projects\zstack\Samples\My #
#                          firstAPP\CC2530DB\..\SOURCE\" -I                   #
#                          "F:\Zigbee\1\Zigbee-TempFireHumi\Texas             #
#                          Instruments\Projects\zstack\Samples\MyfirstAPP\CC2 #
#                          530DB\..\..\..\ZMAIN\TI2530DB\" -I                 #
#                          "F:\Zigbee\1\Zigbee-TempFireHumi\Texas             #
#                          Instruments\Projects\zstack\Samples\MyfirstAPP\CC2 #
#                          530DB\..\..\..\..\..\COMPONENTS\MT\" -I            #
#                          "F:\Zigbee\1\Zigbee-TempFireHumi\Texas             #
#                          Instruments\Projects\zstack\Samples\MyfirstAPP\CC2 #
#                          530DB\..\..\..\..\..\COMPONENTS\HAL\INCLUDE\" -I   #
#                          "F:\Zigbee\1\Zigbee-TempFireHumi\Texas             #
#                          Instruments\Projects\zstack\Samples\MyfirstAPP\CC2 #
#                          530DB\..\..\..\..\..\COMPONENTS\HAL\TARGET\CC2530E #
#                          B\" -I "F:\Zigbee\1\Zigbee-TempFireHumi\Texas      #
#                          Instruments\Projects\zstack\Samples\MyfirstAPP\CC2 #
#                          530DB\..\..\..\..\..\COMPONENTS\OSAL\MCU\CCSOC\"   #
#                          -I "F:\Zigbee\1\Zigbee-TempFireHumi\Texas          #
#                          Instruments\Projects\zstack\Samples\MyfirstAPP\CC2 #
#                          530DB\..\..\..\..\..\COMPONENTS\OSAL\INCLUDE\" -I  #
#                          "F:\Zigbee\1\Zigbee-TempFireHumi\Texas             #
#                          Instruments\Projects\zstack\Samples\MyfirstAPP\CC2 #
#                          530DB\..\..\..\..\..\COMPONENTS\STACK\AF\" -I      #
#                          "F:\Zigbee\1\Zigbee-TempFireHumi\Texas             #
#                          Instruments\Projects\zstack\Samples\MyfirstAPP\CC2 #
#                          530DB\..\..\..\..\..\COMPONENTS\STACK\NWK\" -I     #
#                          "F:\Zigbee\1\Zigbee-TempFireHumi\Texas             #
#                          Instruments\Projects\zstack\Samples\MyfirstAPP\CC2 #
#                          530DB\..\..\..\..\..\COMPONENTS\STACK\SEC\" -I     #
#                          "F:\Zigbee\1\Zigbee-TempFireHumi\Texas             #
#                          Instruments\Projects\zstack\Samples\MyfirstAPP\CC2 #
#                          530DB\..\..\..\..\..\COMPONENTS\STACK\SAPI\" -I    #
#                          "F:\Zigbee\1\Zigbee-TempFireHumi\Texas             #
#                          Instruments\Projects\zstack\Samples\MyfirstAPP\CC2 #
#                          530DB\..\..\..\..\..\COMPONENTS\STACK\SYS\" -I     #
#                          "F:\Zigbee\1\Zigbee-TempFireHumi\Texas             #
#                          Instruments\Projects\zstack\Samples\MyfirstAPP\CC2 #
#                          530DB\..\..\..\..\..\COMPONENTS\STACK\ZDO\" -I     #
#                          "F:\Zigbee\1\Zigbee-TempFireHumi\Texas             #
#                          Instruments\Projects\zstack\Samples\MyfirstAPP\CC2 #
#                          530DB\..\..\..\..\..\COMPONENTS\ZMAC\F8W\" -I      #
#                          "F:\Zigbee\1\Zigbee-TempFireHumi\Texas             #
#                          Instruments\Projects\zstack\Samples\MyfirstAPP\CC2 #
#                          530DB\..\..\..\..\..\COMPONENTS\ZMAC\" -I          #
#                          "F:\Zigbee\1\Zigbee-TempFireHumi\Texas             #
#                          Instruments\Projects\zstack\Samples\MyfirstAPP\CC2 #
#                          530DB\..\..\..\..\..\COMPONENTS\SERVICES\SADDR\"   #
#                          -I "F:\Zigbee\1\Zigbee-TempFireHumi\Texas          #
#                          Instruments\Projects\zstack\Samples\MyfirstAPP\CC2 #
#                          530DB\..\..\..\..\..\COMPONENTS\SERVICES\SDATA\"   #
#                          -I "F:\Zigbee\1\Zigbee-TempFireHumi\Texas          #
#                          Instruments\Projects\zstack\Samples\MyfirstAPP\CC2 #
#                          530DB\..\..\..\..\..\COMPONENTS\MAC\INCLUDE\" -I   #
#                          "F:\Zigbee\1\Zigbee-TempFireHumi\Texas             #
#                          Instruments\Projects\zstack\Samples\MyfirstAPP\CC2 #
#                          530DB\..\..\..\..\..\COMPONENTS\MAC\HIGH_LEVEL\"   #
#                          -I "F:\Zigbee\1\Zigbee-TempFireHumi\Texas          #
#                          Instruments\Projects\zstack\Samples\MyfirstAPP\CC2 #
#                          530DB\..\..\..\..\..\COMPONENTS\MAC\LOW_LEVEL\srf0 #
#                          4\" -I "F:\Zigbee\1\Zigbee-TempFireHumi\Texas      #
#                          Instruments\Projects\zstack\Samples\MyfirstAPP\CC2 #
#                          530DB\..\..\..\..\..\COMPONENTS\MAC\LOW_LEVEL\srf0 #
#                          4\SINGLE_CHIP\" -Ohz                               #
#    List file          =  F:\Zigbee\1\Zigbee-TempFireHumi\Texas              #
#                          Instruments\Projects\zstack\Samples\MyfirstAPP\CC2 #
#                          530DB\RouterEB-Pro\List\smog.lst                   #
#    Object file        =  F:\Zigbee\1\Zigbee-TempFireHumi\Texas              #
#                          Instruments\Projects\zstack\Samples\MyfirstAPP\CC2 #
#                          530DB\RouterEB-Pro\Obj\smog.r51                    #
#                                                                             #
#                                                                             #
###############################################################################

F:\Zigbee\1\Zigbee-TempFireHumi\Texas Instruments\Projects\zstack\Samples\MyfirstAPP\Source\smog.c
      1          #include <ioCC2530.h>

   \                                 In  segment SFR_AN, at 0x80
   \   union <unnamed> volatile __sfr _A_P0
   \                     _A_P0:
   \   000000                DS 1

   \                                 In  segment SFR_AN, at 0xf3
   \   unsigned char volatile __sfr P0SEL
   \                     P0SEL:
   \   000000                DS 1

   \                                 In  segment SFR_AN, at 0xfd
   \   unsigned char volatile __sfr P0DIR
   \                     P0DIR:
   \   000000                DS 1
      2          #include "smog.h"
      3          #include "hal_types.h"
      4          
      5          #define PP P0_2 

   \                                 In  segment XDATA_Z, align 1, keep-with-next
      6          unsigned char temp1[2];
   \                     temp1:
   \   000000                DS 2
   \   000002                REQUIRE __INIT_XDATA_Z

   \                                 In  segment XDATA_Z, align 1, keep-with-next
      7          unsigned short smog_adc=0;
   \                     smog_adc:
   \   000000                DS 2
   \   000002                REQUIRE __INIT_XDATA_Z

   \                                 In  segment XDATA_Z, align 1, keep-with-next
      8          unsigned char _c[3];
   \                     _c:
   \   000000                DS 3
   \   000003                REQUIRE __INIT_XDATA_Z
      9          

   \                                 In  segment BANKED_CODE, align 1, keep-with-next
     10          void InitSmog( void )
   \                     InitSmog:
     11               {
   \   000000                ; Saved register size: 0
   \   000000                ; Auto size: 0
     12             //0.2为输入
     13            P0DIR &= ~(1 << 2);   //0x0001 0000   0x1110 1111
   \   000000   53FDFB       ANL     0xfd,#0xfb
     14            P0SEL &= ~(1 << 2);
   \   000003   53F3FB       ANL     0xf3,#0xfb
     15               }
   \   000006   02....       LJMP    ?BRET
   \   000009                REQUIRE P0DIR
   \   000009                REQUIRE P0SEL
     16          

   \                                 In  segment BANKED_CODE, align 1, keep-with-next
     17          void Smog_GetAdc(void)  
   \                     Smog_GetAdc:
     18          {
   \   000000   C082         PUSH    DPL
   \   000002   C083         PUSH    DPH
   \   000004                ; Saved register size: 2
   \   000004                ; Auto size: 0
     19              if(PP==1)  //关键点
   \   000004   A282         MOV     C,0x80.2
   \   000006   90....       MOV     DPTR,#_c
   \   000009   5004         JNC     ??Smog_GetAdc_0
     20                 _c[0]='1';
   \   00000B   7431         MOV     A,#0x31
   \   00000D   8002         SJMP    ??Smog_GetAdc_1
     21              else 
     22                 _c[0]='0';                    
   \                     ??Smog_GetAdc_0:
   \   00000F   7430         MOV     A,#0x30
   \                     ??Smog_GetAdc_1:
   \   000011   F0           MOVX    @DPTR,A
     23          }
   \   000012   D083         POP     DPH
   \   000014   D082         POP     DPL
   \   000016   02....       LJMP    ?BRET
   \   000019                REQUIRE _A_P0

   \                                 In  segment BANK_RELAYS, align 1
   \                     ??InitSmog?relay:
   \   000000   12....       LCALL   ?BDISPATCH
   \   000003   ......       DC24    InitSmog

   \                                 In  segment BANK_RELAYS, align 1
   \                     ??Smog_GetAdc?relay:
   \   000000   12....       LCALL   ?BDISPATCH
   \   000003   ......       DC24    Smog_GetAdc
     24          
     25           	
     26               
     27               
     28           
     29          
     30          

   Maximum stack usage in bytes:

     Function    ISTACK PSTACK XSTACK
     --------    ------ ------ ------
     InitSmog        0      0      0
     Smog_GetAdc     2      0      0


   Segment part sizes:

     Function/Label      Bytes
     --------------      -----
     _A_P0                  1
     P0SEL                  1
     P0DIR                  1
     temp1                  2
     smog_adc               2
     _c                     3
     InitSmog               9
     Smog_GetAdc           25
     ??InitSmog?relay       6
     ??Smog_GetAdc?relay    6

 
 34 bytes in segment BANKED_CODE
 12 bytes in segment BANK_RELAYS
  3 bytes in segment SFR_AN
  7 bytes in segment XDATA_Z
 
 46 bytes of CODE  memory
  0 bytes of DATA  memory (+ 3 bytes shared)
  7 bytes of XDATA memory

Errors: none
Warnings: none
