###############################################################################
#                                                                             #
# IAR C/C++ Compiler V8.10.3.10338/W32 for 8051         19/Jun/2019  14:08:37 #
# Copyright 2004-2011 IAR Systems AB.                                         #
#                                                                             #
#    Core               =  plain                                              #
#    Code model         =  banked                                             #
#    Data model         =  large                                              #
#    Calling convention =  xdata reentrant                                    #
#    Constant location  =  data_rom                                           #
#    Dptr setup         =  1,16                                               #
#    Source file        =  C:\Users\fangxi1998\Desktop\课程设计\zigbee        #
#                          嵌入式linux\zigbee最终\1\Zigbee-TempFireHumi\Texas #
#                           Instruments\Projects\zstack\Samples\MyfirstAPP\So #
#                          urce\GuangM.c                                      #
#    Command line       =  -f "C:\Users\fangxi1998\Desktop\课程设计\zigbee    #
#                          嵌入式linux\zigbee最终\1\Zigbee-TempFireHumi\Texas #
#                           Instruments\Projects\zstack\Samples\MyfirstAPP\CC #
#                          2530DB\..\..\..\Tools\CC2530DB\f8wCoord.cfg"       #
#                          (-DCPU32MHZ -DROOT=__near_func                     #
#                          -DMAC_CFG_APP_PENDING_QUEUE=TRUE                   #
#                          -DZDO_COORDINATOR -DRTR_NWK -DBLINK_LEDS) -f       #
#                          "C:\Users\fangxi1998\Desktop\课程设计\zigbee       #
#                          嵌入式linux\zigbee最终\1\Zigbee-TempFireHumi\Texas #
#                           Instruments\Projects\zstack\Samples\MyfirstAPP\CC #
#                          2530DB\..\..\..\Tools\CC2530DB\f8wConfig.cfg"      #
#                          (-DSECURE=0 -DZG_SECURE_DYNAMIC=0 -DREFLECTOR      #
#                          -DDEFAULT_CHANLIST=0x04000000                      #
#                          -DZDAPP_CONFIG_PAN_ID=0xA1B2                       #
#                          -DNWK_START_DELAY=100 -DEXTENDED_JOINING_RANDOM_MA #
#                          SK=0x007F -DBEACON_REQUEST_DELAY=100               #
#                          -DBEACON_REQ_DELAY_MASK=0x00FF                     #
#                          -DROUTE_EXPIRY_TIME=30 -DAPSC_ACK_WAIT_DURATION_PO #
#                          LLED=3000 -DNWK_INDIRECT_MSG_TIMEOUT=7             #
#                          -DMAX_RREQ_ENTRIES=8 -DAPSC_MAX_FRAME_RETRIES=3    #
#                          -DNWK_MAX_DATA_RETRIES=2                           #
#                          -DMAX_POLL_FAILURE_RETRIES=2 -DMAX_BCAST=9         #
#                          -DAPS_MAX_GROUPS=16 -DMAX_RTG_ENTRIES=40           #
#                          -DNWK_MAX_BINDING_ENTRIES=4                        #
#                          -DMAX_BINDING_CLUSTER_IDS=4 "-DDEFAULT_KEY={0x01,  #
#                          0x03, 0x05, 0x07, 0x09, 0x0B, 0x0D, 0x0F, 0x00,    #
#                          0x02, 0x04, 0x06, 0x08, 0x0A, 0x0C, 0x0D}"         #
#                          -DMAC_MAX_FRAME_SIZE=116 "-DCONST=const __code"    #
#                          -DGENERIC=__generic -DRFD_RCVC_ALWAYS_ON=FALSE     #
#                          -DPOLL_RATE=1000 -DQUEUED_POLL_RATE=100            #
#                          -DRESPONSE_POLL_RATE=100) -DREJOIN_POLL_RATE=440   #
#                          "C:\Users\fangxi1998\Desktop\课程设计\zigbee       #
#                          嵌入式linux\zigbee最终\1\Zigbee-TempFireHumi\Texas #
#                           Instruments\Projects\zstack\Samples\MyfirstAPP\So #
#                          urce\GuangM.c" -D ZIGBEEPRO -D ZTOOL_P1 -D         #
#                          MT_TASK -D MT_SYS_FUNC -D MT_ZDO_FUNC -D           #
#                          LCD_SUPPORTED=DEBUG -D DH_AD_KEY_DEVICE -lC        #
#                          "C:\Users\fangxi1998\Desktop\课程设计\zigbee       #
#                          嵌入式linux\zigbee最终\1\Zigbee-TempFireHumi\Texas #
#                           Instruments\Projects\zstack\Samples\MyfirstAPP\CC #
#                          2530DB\CoordinatorEB-Pro\List\" -lA                #
#                          "C:\Users\fangxi1998\Desktop\课程设计\zigbee       #
#                          嵌入式linux\zigbee最终\1\Zigbee-TempFireHumi\Texas #
#                           Instruments\Projects\zstack\Samples\MyfirstAPP\CC #
#                          2530DB\CoordinatorEB-Pro\List\" --diag_suppress    #
#                          Pe001,Pa010 -o "C:\Users\fangxi1998\Desktop\课程设 #
#                          计\zigbee 嵌入式linux\zigbee最终\1\Zigbee-TempFire #
#                          Humi\Texas Instruments\Projects\zstack\Samples\Myf #
#                          irstAPP\CC2530DB\CoordinatorEB-Pro\Obj\" -e        #
#                          --debug --core=plain --dptr=16,1                   #
#                          --data_model=large --code_model=banked             #
#                          --calling_convention=xdata_reentrant               #
#                          --place_constants=data_rom --nr_virtual_regs 8 -I  #
#                          "C:\Users\fangxi1998\Desktop\课程设计\zigbee       #
#                          嵌入式linux\zigbee最终\1\Zigbee-TempFireHumi\Texas #
#                           Instruments\Projects\zstack\Samples\MyfirstAPP\CC #
#                          2530DB\" -I "C:\Users\fangxi1998\Desktop\课程设计\ #
#                          zigbee 嵌入式linux\zigbee最终\1\Zigbee-TempFireHum #
#                          i\Texas Instruments\Projects\zstack\Samples\Myfirs #
#                          tAPP\CC2530DB\..\SOURCE\" -I                       #
#                          "C:\Users\fangxi1998\Desktop\课程设计\zigbee       #
#                          嵌入式linux\zigbee最终\1\Zigbee-TempFireHumi\Texas #
#                           Instruments\Projects\zstack\Samples\MyfirstAPP\CC #
#                          2530DB\..\..\..\ZMAIN\TI2530DB\" -I                #
#                          "C:\Users\fangxi1998\Desktop\课程设计\zigbee       #
#                          嵌入式linux\zigbee最终\1\Zigbee-TempFireHumi\Texas #
#                           Instruments\Projects\zstack\Samples\MyfirstAPP\CC #
#                          2530DB\..\..\..\..\..\COMPONENTS\MT\" -I           #
#                          "C:\Users\fangxi1998\Desktop\课程设计\zigbee       #
#                          嵌入式linux\zigbee最终\1\Zigbee-TempFireHumi\Texas #
#                           Instruments\Projects\zstack\Samples\MyfirstAPP\CC #
#                          2530DB\..\..\..\..\..\COMPONENTS\HAL\INCLUDE\" -I  #
#                          "C:\Users\fangxi1998\Desktop\课程设计\zigbee       #
#                          嵌入式linux\zigbee最终\1\Zigbee-TempFireHumi\Texas #
#                           Instruments\Projects\zstack\Samples\MyfirstAPP\CC #
#                          2530DB\..\..\..\..\..\COMPONENTS\HAL\TARGET\CC2530 #
#                          EB\" -I "C:\Users\fangxi1998\Desktop\课程设计\zigb #
#                          ee 嵌入式linux\zigbee最终\1\Zigbee-TempFireHumi\Te #
#                          xas Instruments\Projects\zstack\Samples\MyfirstAPP #
#                          \CC2530DB\..\..\..\..\..\COMPONENTS\OSAL\MCU\CCSOC #
#                          \" -I "C:\Users\fangxi1998\Desktop\课程设计\zigbee #
#                           嵌入式linux\zigbee最终\1\Zigbee-TempFireHumi\Texa #
#                          s Instruments\Projects\zstack\Samples\MyfirstAPP\C #
#                          C2530DB\..\..\..\..\..\COMPONENTS\OSAL\INCLUDE\"   #
#                          -I "C:\Users\fangxi1998\Desktop\课程设计\zigbee    #
#                          嵌入式linux\zigbee最终\1\Zigbee-TempFireHumi\Texas #
#                           Instruments\Projects\zstack\Samples\MyfirstAPP\CC #
#                          2530DB\..\..\..\..\..\COMPONENTS\STACK\AF\" -I     #
#                          "C:\Users\fangxi1998\Desktop\课程设计\zigbee       #
#                          嵌入式linux\zigbee最终\1\Zigbee-TempFireHumi\Texas #
#                           Instruments\Projects\zstack\Samples\MyfirstAPP\CC #
#                          2530DB\..\..\..\..\..\COMPONENTS\STACK\NWK\" -I    #
#                          "C:\Users\fangxi1998\Desktop\课程设计\zigbee       #
#                          嵌入式linux\zigbee最终\1\Zigbee-TempFireHumi\Texas #
#                           Instruments\Projects\zstack\Samples\MyfirstAPP\CC #
#                          2530DB\..\..\..\..\..\COMPONENTS\STACK\SEC\" -I    #
#                          "C:\Users\fangxi1998\Desktop\课程设计\zigbee       #
#                          嵌入式linux\zigbee最终\1\Zigbee-TempFireHumi\Texas #
#                           Instruments\Projects\zstack\Samples\MyfirstAPP\CC #
#                          2530DB\..\..\..\..\..\COMPONENTS\STACK\SAPI\" -I   #
#                          "C:\Users\fangxi1998\Desktop\课程设计\zigbee       #
#                          嵌入式linux\zigbee最终\1\Zigbee-TempFireHumi\Texas #
#                           Instruments\Projects\zstack\Samples\MyfirstAPP\CC #
#                          2530DB\..\..\..\..\..\COMPONENTS\STACK\SYS\" -I    #
#                          "C:\Users\fangxi1998\Desktop\课程设计\zigbee       #
#                          嵌入式linux\zigbee最终\1\Zigbee-TempFireHumi\Texas #
#                           Instruments\Projects\zstack\Samples\MyfirstAPP\CC #
#                          2530DB\..\..\..\..\..\COMPONENTS\STACK\ZDO\" -I    #
#                          "C:\Users\fangxi1998\Desktop\课程设计\zigbee       #
#                          嵌入式linux\zigbee最终\1\Zigbee-TempFireHumi\Texas #
#                           Instruments\Projects\zstack\Samples\MyfirstAPP\CC #
#                          2530DB\..\..\..\..\..\COMPONENTS\ZMAC\F8W\" -I     #
#                          "C:\Users\fangxi1998\Desktop\课程设计\zigbee       #
#                          嵌入式linux\zigbee最终\1\Zigbee-TempFireHumi\Texas #
#                           Instruments\Projects\zstack\Samples\MyfirstAPP\CC #
#                          2530DB\..\..\..\..\..\COMPONENTS\ZMAC\" -I         #
#                          "C:\Users\fangxi1998\Desktop\课程设计\zigbee       #
#                          嵌入式linux\zigbee最终\1\Zigbee-TempFireHumi\Texas #
#                           Instruments\Projects\zstack\Samples\MyfirstAPP\CC #
#                          2530DB\..\..\..\..\..\COMPONENTS\SERVICES\SADDR\"  #
#                          -I "C:\Users\fangxi1998\Desktop\课程设计\zigbee    #
#                          嵌入式linux\zigbee最终\1\Zigbee-TempFireHumi\Texas #
#                           Instruments\Projects\zstack\Samples\MyfirstAPP\CC #
#                          2530DB\..\..\..\..\..\COMPONENTS\SERVICES\SDATA\"  #
#                          -I "C:\Users\fangxi1998\Desktop\课程设计\zigbee    #
#                          嵌入式linux\zigbee最终\1\Zigbee-TempFireHumi\Texas #
#                           Instruments\Projects\zstack\Samples\MyfirstAPP\CC #
#                          2530DB\..\..\..\..\..\COMPONENTS\MAC\INCLUDE\" -I  #
#                          "C:\Users\fangxi1998\Desktop\课程设计\zigbee       #
#                          嵌入式linux\zigbee最终\1\Zigbee-TempFireHumi\Texas #
#                           Instruments\Projects\zstack\Samples\MyfirstAPP\CC #
#                          2530DB\..\..\..\..\..\COMPONENTS\MAC\HIGH_LEVEL\"  #
#                          -I "C:\Users\fangxi1998\Desktop\课程设计\zigbee    #
#                          嵌入式linux\zigbee最终\1\Zigbee-TempFireHumi\Texas #
#                           Instruments\Projects\zstack\Samples\MyfirstAPP\CC #
#                          2530DB\..\..\..\..\..\COMPONENTS\MAC\LOW_LEVEL\srf #
#                          04\" -I "C:\Users\fangxi1998\Desktop\课程设计\zigb #
#                          ee 嵌入式linux\zigbee最终\1\Zigbee-TempFireHumi\Te #
#                          xas Instruments\Projects\zstack\Samples\MyfirstAPP #
#                          \CC2530DB\..\..\..\..\..\COMPONENTS\MAC\LOW_LEVEL\ #
#                          srf04\SINGLE_CHIP\" -Ohz --require_prototypes      #
#    List file          =  C:\Users\fangxi1998\Desktop\课程设计\zigbee        #
#                          嵌入式linux\zigbee最终\1\Zigbee-TempFireHumi\Texas #
#                           Instruments\Projects\zstack\Samples\MyfirstAPP\CC #
#                          2530DB\CoordinatorEB-Pro\List\GuangM.lst           #
#    Object file        =  C:\Users\fangxi1998\Desktop\课程设计\zigbee        #
#                          嵌入式linux\zigbee最终\1\Zigbee-TempFireHumi\Texas #
#                           Instruments\Projects\zstack\Samples\MyfirstAPP\CC #
#                          2530DB\CoordinatorEB-Pro\Obj\GuangM.r51            #
#                                                                             #
#                                                                             #
###############################################################################

C:\Users\fangxi1998\Desktop\课程设计\zigbee 嵌入式linux\zigbee最终\1\Zigbee-TempFireHumi\Texas Instruments\Projects\zstack\Samples\MyfirstAPP\Source\GuangM.c
      1          #include "GuangM.h"

   \                                 In  segment SFR_AN, at 0x88
   \   union <unnamed> volatile __sfr _A_TCON
   \                     _A_TCON:
   \   000000                DS 1

   \                                 In  segment SFR_AN, at 0xb4
   \   unsigned char volatile __sfr ADCCON1
   \                     ADCCON1:
   \   000000                DS 1

   \                                 In  segment SFR_AN, at 0xb6
   \   unsigned char volatile __sfr ADCCON3
   \                     ADCCON3:
   \   000000                DS 1

   \                                 In  segment SFR_AN, at 0xba
   \   unsigned char volatile __sfr ADCL
   \                     ADCL:
   \   000000                DS 1

   \                                 In  segment SFR_AN, at 0xbb
   \   unsigned char volatile __sfr ADCH
   \                     ADCH:
   \   000000                DS 1

   \                                 In  segment SFR_AN, at 0xf2
   \   unsigned char volatile __sfr APCFG
   \                     APCFG:
   \   000000                DS 1

   \                                 In  segment SFR_AN, at 0xfd
   \   unsigned char volatile __sfr P0DIR
   \                     P0DIR:
   \   000000                DS 1

   \                                 In  segment XDATA_Z, align 1, keep-with-next
      2          unsigned char lightdata[4];
   \                     lightdata:
   \   000000                DS 4
   \   000004                REQUIRE __INIT_XDATA_Z
      3           

   \                                 In  segment BANKED_CODE, align 1, keep-with-next
      4          void InitADC(void){
   \                     InitADC:
   \   000000                ; Saved register size: 0
   \   000000                ; Auto size: 0
      5          
      6              P0DIR&=0x7f;
   \   000000   53FD7F       ANL     0xfd,#0x7f
      7            ADCIF=0;
   \   000003   C28D         CLR     0x88.5
      8            ADCH&=0x00;
   \   000005   E5BB         MOV     A,0xbb
   \   000007   75BB00       MOV     0xbb,#0x0
      9            APCFG|=0x80;
   \   00000A   43F280       ORL     0xf2,#0x80
     10            ADCCON3=0xb7;
   \   00000D   75B6B7       MOV     0xb6,#-0x49
     11            while(!(ADCCON1&0x80));
   \                     ??InitADC_0:
   \   000010   E5B4         MOV     A,0xb4
   \   000012   A2E7         MOV     C,0xE0 /* A   */.7
   \   000014   50FA         JNC     ??InitADC_0
     12          /*
     13            ADCH&=0x00;
     14            ADCL&=0x00;//寄存器清零
     15            ADCCFG|=0x80;      // p0.7 为1   1000 0000
     16            ADCCON3=0xB7;//1011 0111
     17            ADCCON1=0x30;   //    0011 0000 ST//手动启动模式  
     18            ADCCON1|=0x40;//0100 0000    
     19            
     20          */
     21          }
   \   000016   02....       LJMP    ?BRET
   \   000019                REQUIRE P0DIR
   \   000019                REQUIRE _A_TCON
   \   000019                REQUIRE ADCH
   \   000019                REQUIRE APCFG
   \   000019                REQUIRE ADCCON3
   \   000019                REQUIRE ADCCON1
     22          
     23          
     24          

   \                                 In  segment BANKED_CODE, align 1, keep-with-next
     25          void getGuangM(void){
   \                     getGuangM:
   \   000000   74F0         MOV     A,#-0x10
   \   000002   12....       LCALL   ?BANKED_ENTER_XDATA
   \   000005                ; Saved register size: 16
   \   000005                ; Auto size: 2
   \   000005   74FE         MOV     A,#-0x2
   \   000007   12....       LCALL   ?ALLOC_XSTACK8
     26           unsigned char send_buf[2];
     27           unsigned int light;
     28            float num;
     29            InitADC();
   \   00000A                ; Setup parameters for call to function InitADC
   \   00000A   12....       LCALL   ??InitADC?relay
     30           
     31          
     32            send_buf[0]=ADCH;
   \   00000D   E5BB         MOV     A,0xbb
   \   00000F   85..82       MOV     DPL,?XSP + 0
   \   000012   85..83       MOV     DPH,?XSP + 1
   \   000015   F0           MOVX    @DPTR,A
     33            send_buf[1]=ADCL;
   \   000016   E5BA         MOV     A,0xba
   \   000018   C0E0         PUSH    A
   \   00001A   7401         MOV     A,#0x1
   \   00001C   12....       LCALL   ?XSTACK_DISP0_8
   \   00001F   D0E0         POP     A
   \   000021   F0           MOVX    @DPTR,A
     34          	//1111 1111 1111 11xx->3.3v
     35              light =(unsigned int)send_buf[1];// 0000 0000 xxxx xxxx
     36              light|=((unsigned int)send_buf[0])<<8;//左移八位 或运算
   \   000022   FA           MOV     R2,A
   \   000023   85..82       MOV     DPL,?XSP + 0
   \   000026   85..83       MOV     DPH,?XSP + 1
   \   000029   E0           MOVX    A,@DPTR
   \   00002A   F9           MOV     R1,A
   \   00002B   EA           MOV     A,R2
   \   00002C   F8           MOV     R0,A
     37              // adc = 0111 1111 1111 1100 = 32764 ->3.3v
     38              if(light&0x8000)light=0;
   \   00002D   E9           MOV     A,R1
   \   00002E   5480         ANL     A,#0x80
   \   000030   6004         JZ      ??getGuangM_0
   \   000032   7800         MOV     R0,#0x0
   \   000034   7900         MOV     R1,#0x0
     39              num=light*3.3/32764;//2^14
     40              //浮点型转换为字符型
     41              num=(3.3-num)/3.3*100;
   \                     ??getGuangM_0:
   \   000036   75..33       MOV     ?V0 + 0,#0x33
   \   000039   75..33       MOV     ?V0 + 1,#0x33
   \   00003C   75..53       MOV     ?V0 + 2,#0x53
   \   00003F   C0..         PUSH    ?V0 + 0
   \   000041   C0..         PUSH    ?V0 + 1
   \   000043   C0..         PUSH    ?V0 + 2
   \   000045   88..         MOV     ?V0 + 0,R0
   \   000047   89..         MOV     ?V0 + 1,R1
   \   000049   E4           CLR     A
   \   00004A   F5..         MOV     ?V0 + 2,A
   \   00004C   F5..         MOV     ?V0 + 3,A
   \   00004E   78..         MOV     R0,#?V0 + 0
   \   000050   12....       LCALL   ?UL_TO_FLT
   \   000053   90....       MOV     DPTR,#__Constant_40533333
   \   000056   78..         MOV     R0,#?V0 + 4
   \   000058   12....       LCALL   ?L_MOV_X
   \   00005B   78..         MOV     R0,#?V0 + 0
   \   00005D   79..         MOV     R1,#?V0 + 4
   \   00005F   12....       LCALL   ?FLT_MUL
   \   000062   90....       MOV     DPTR,#__Constant_46fff800
   \   000065   78..         MOV     R0,#?V0 + 4
   \   000067   12....       LCALL   ?L_MOV_X
   \   00006A   78..         MOV     R0,#?V0 + 0
   \   00006C   79..         MOV     R1,#?V0 + 4
   \   00006E   12....       LCALL   ?FLT_DIV
   \   000071   75..40       MOV     ?V0 + 7,#0x40
   \   000074   D0..         POP     ?V0 + 6
   \   000076   D0..         POP     ?V0 + 5
   \   000078   D0..         POP     ?V0 + 4
   \   00007A   78..         MOV     R0,#?V0 + 4
   \   00007C   79..         MOV     R1,#?V0 + 0
   \   00007E   12....       LCALL   ?FLT_SUB
   \   000081   90....       MOV     DPTR,#__Constant_40533333
   \   000084   78..         MOV     R0,#?V0 + 0
   \   000086   12....       LCALL   ?L_MOV_X
   \   000089   78..         MOV     R0,#?V0 + 4
   \   00008B   79..         MOV     R1,#?V0 + 0
   \   00008D   12....       LCALL   ?FLT_DIV
   \   000090   90....       MOV     DPTR,#__Constant_42c80000
   \   000093   78..         MOV     R0,#?V0 + 0
   \   000095   12....       LCALL   ?L_MOV_X
   \   000098   78..         MOV     R0,#?V0 + 4
   \   00009A   79..         MOV     R1,#?V0 + 0
   \   00009C   12....       LCALL   ?FLT_MUL
     42              lightdata[0]=(char)(num)/10+0x30;
   \   00009F   85....       MOV     ?V0 + 0,?V0 + 4
   \   0000A2   85....       MOV     ?V0 + 1,?V0 + 5
   \   0000A5   85....       MOV     ?V0 + 2,?V0 + 6
   \   0000A8   85....       MOV     ?V0 + 3,?V0 + 7
   \   0000AB   78..         MOV     R0,#?V0 + 0
   \   0000AD   12....       LCALL   ?FLT_TO_L
   \   0000B0   A8..         MOV     R0,?V0 + 0
   \   0000B2   75F00A       MOV     B,#0xa
   \   0000B5   E8           MOV     A,R0
   \   0000B6   84           DIV     AB
   \   0000B7   2430         ADD     A,#0x30
   \   0000B9   90....       MOV     DPTR,#lightdata
   \   0000BC   F0           MOVX    @DPTR,A
     43              lightdata[1]=(char)(num)%10+0x30;
   \   0000BD   E8           MOV     A,R0
   \   0000BE   75F00A       MOV     B,#0xa
   \   0000C1   84           DIV     AB
   \   0000C2   E5F0         MOV     A,B
   \   0000C4   2430         ADD     A,#0x30
   \   0000C6   A3           INC     DPTR
   \   0000C7   F0           MOVX    @DPTR,A
     44              lightdata[3]=(char)(num*10)%10+0x30;
   \   0000C8   90....       MOV     DPTR,#__Constant_41200000
   \   0000CB   78..         MOV     R0,#?V0 + 0
   \   0000CD   12....       LCALL   ?L_MOV_X
   \   0000D0   78..         MOV     R0,#?V0 + 4
   \   0000D2   79..         MOV     R1,#?V0 + 0
   \   0000D4   12....       LCALL   ?FLT_MUL
   \   0000D7   78..         MOV     R0,#?V0 + 4
   \   0000D9   12....       LCALL   ?FLT_TO_L
   \   0000DC   E5..         MOV     A,?V0 + 4
   \   0000DE   75F00A       MOV     B,#0xa
   \   0000E1   84           DIV     AB
   \   0000E2   E5F0         MOV     A,B
   \   0000E4   2430         ADD     A,#0x30
   \   0000E6   90....       MOV     DPTR,#lightdata + 3
   \   0000E9   F0           MOVX    @DPTR,A
     45             
     46              
     47              
     48              
     49              
     50            
     51            
     52            
     53          
     54          }
   \   0000EA   7402         MOV     A,#0x2
   \   0000EC   12....       LCALL   ?DEALLOC_XSTACK8
   \   0000EF   7F08         MOV     R7,#0x8
   \   0000F1   02....       LJMP    ?BANKED_LEAVE_XDATA
   \   0000F4                REQUIRE ADCH
   \   0000F4                REQUIRE ADCL

   \                                 In  segment XDATA_ROM_C, align 1
   \                     __Constant_40533333:
   \   000000   33335340     DD 40533333H

   \                                 In  segment XDATA_ROM_C, align 1
   \                     __Constant_46fff800:
   \   000000   00F8FF46     DD 46FFF800H

   \                                 In  segment XDATA_ROM_C, align 1
   \                     __Constant_42c80000:
   \   000000   0000C842     DD 42C80000H

   \                                 In  segment XDATA_ROM_C, align 1
   \                     __Constant_41200000:
   \   000000   00002041     DD 41200000H

   \                                 In  segment BANK_RELAYS, align 1
   \                     ??InitADC?relay:
   \   000000   12....       LCALL   ?BDISPATCH
   \   000003   ......       DC24    InitADC

   \                                 In  segment BANK_RELAYS, align 1
   \                     ??getGuangM?relay:
   \   000000   12....       LCALL   ?BDISPATCH
   \   000003   ......       DC24    getGuangM

   Maximum stack usage in bytes:

     Function     ISTACK PSTACK XSTACK
     --------     ------ ------ ------
     InitADC          0      0     18
     getGuangM        4      0     18
       -> InitADC     0      0     36


   Segment part sizes:

     Function/Label      Bytes
     --------------      -----
     _A_TCON                1
     ADCCON1                1
     ADCCON3                1
     ADCL                   1
     ADCH                   1
     APCFG                  1
     P0DIR                  1
     lightdata              4
     InitADC               25
     getGuangM            244
     __Constant_40533333    4
     __Constant_46fff800    4
     __Constant_42c80000    4
     __Constant_41200000    4
     ??InitADC?relay        6
     ??getGuangM?relay      6

 
 269 bytes in segment BANKED_CODE
  12 bytes in segment BANK_RELAYS
   7 bytes in segment SFR_AN
  16 bytes in segment XDATA_ROM_C
   4 bytes in segment XDATA_Z
 
 281 bytes of CODE  memory
   0 bytes of CONST memory (+ 16 bytes shared)
   0 bytes of DATA  memory (+  7 bytes shared)
   4 bytes of XDATA memory

Errors: none
Warnings: none
