###############################################################################
#                                                                             #
# IAR C/C++ Compiler V8.10.3.10338/W32 for 8051         19/Jun/2019  14:08:30 #
# Copyright 2004-2011 IAR Systems AB.                                         #
#                                                                             #
#    Core               =  plain                                              #
#    Code model         =  banked                                             #
#    Data model         =  large                                              #
#    Calling convention =  xdata reentrant                                    #
#    Constant location  =  data_rom                                           #
#    Dptr setup         =  1,16                                               #
#    Source file        =  C:\Users\fangxi1998\Desktop\课程设计\zigbee        #
#                          嵌入式linux\zigbee最终\1\Zigbee-TempFireHumi\Texas #
#                           Instruments\Projects\zstack\Samples\MyfirstAPP\So #
#                          urce\yanwu1.c                                      #
#    Command line       =  -f "C:\Users\fangxi1998\Desktop\课程设计\zigbee    #
#                          嵌入式linux\zigbee最终\1\Zigbee-TempFireHumi\Texas #
#                           Instruments\Projects\zstack\Samples\MyfirstAPP\CC #
#                          2530DB\..\..\..\Tools\CC2530DB\f8wCoord.cfg"       #
#                          (-DCPU32MHZ -DROOT=__near_func                     #
#                          -DMAC_CFG_APP_PENDING_QUEUE=TRUE                   #
#                          -DZDO_COORDINATOR -DRTR_NWK -DBLINK_LEDS) -f       #
#                          "C:\Users\fangxi1998\Desktop\课程设计\zigbee       #
#                          嵌入式linux\zigbee最终\1\Zigbee-TempFireHumi\Texas #
#                           Instruments\Projects\zstack\Samples\MyfirstAPP\CC #
#                          2530DB\..\..\..\Tools\CC2530DB\f8wConfig.cfg"      #
#                          (-DSECURE=0 -DZG_SECURE_DYNAMIC=0 -DREFLECTOR      #
#                          -DDEFAULT_CHANLIST=0x04000000                      #
#                          -DZDAPP_CONFIG_PAN_ID=0xA1B2                       #
#                          -DNWK_START_DELAY=100 -DEXTENDED_JOINING_RANDOM_MA #
#                          SK=0x007F -DBEACON_REQUEST_DELAY=100               #
#                          -DBEACON_REQ_DELAY_MASK=0x00FF                     #
#                          -DROUTE_EXPIRY_TIME=30 -DAPSC_ACK_WAIT_DURATION_PO #
#                          LLED=3000 -DNWK_INDIRECT_MSG_TIMEOUT=7             #
#                          -DMAX_RREQ_ENTRIES=8 -DAPSC_MAX_FRAME_RETRIES=3    #
#                          -DNWK_MAX_DATA_RETRIES=2                           #
#                          -DMAX_POLL_FAILURE_RETRIES=2 -DMAX_BCAST=9         #
#                          -DAPS_MAX_GROUPS=16 -DMAX_RTG_ENTRIES=40           #
#                          -DNWK_MAX_BINDING_ENTRIES=4                        #
#                          -DMAX_BINDING_CLUSTER_IDS=4 "-DDEFAULT_KEY={0x01,  #
#                          0x03, 0x05, 0x07, 0x09, 0x0B, 0x0D, 0x0F, 0x00,    #
#                          0x02, 0x04, 0x06, 0x08, 0x0A, 0x0C, 0x0D}"         #
#                          -DMAC_MAX_FRAME_SIZE=116 "-DCONST=const __code"    #
#                          -DGENERIC=__generic -DRFD_RCVC_ALWAYS_ON=FALSE     #
#                          -DPOLL_RATE=1000 -DQUEUED_POLL_RATE=100            #
#                          -DRESPONSE_POLL_RATE=100) -DREJOIN_POLL_RATE=440   #
#                          "C:\Users\fangxi1998\Desktop\课程设计\zigbee       #
#                          嵌入式linux\zigbee最终\1\Zigbee-TempFireHumi\Texas #
#                           Instruments\Projects\zstack\Samples\MyfirstAPP\So #
#                          urce\yanwu1.c" -D ZIGBEEPRO -D ZTOOL_P1 -D         #
#                          MT_TASK -D MT_SYS_FUNC -D MT_ZDO_FUNC -D           #
#                          LCD_SUPPORTED=DEBUG -D DH_AD_KEY_DEVICE -lC        #
#                          "C:\Users\fangxi1998\Desktop\课程设计\zigbee       #
#                          嵌入式linux\zigbee最终\1\Zigbee-TempFireHumi\Texas #
#                           Instruments\Projects\zstack\Samples\MyfirstAPP\CC #
#                          2530DB\CoordinatorEB-Pro\List\" -lA                #
#                          "C:\Users\fangxi1998\Desktop\课程设计\zigbee       #
#                          嵌入式linux\zigbee最终\1\Zigbee-TempFireHumi\Texas #
#                           Instruments\Projects\zstack\Samples\MyfirstAPP\CC #
#                          2530DB\CoordinatorEB-Pro\List\" --diag_suppress    #
#                          Pe001,Pa010 -o "C:\Users\fangxi1998\Desktop\课程设 #
#                          计\zigbee 嵌入式linux\zigbee最终\1\Zigbee-TempFire #
#                          Humi\Texas Instruments\Projects\zstack\Samples\Myf #
#                          irstAPP\CC2530DB\CoordinatorEB-Pro\Obj\" -e        #
#                          --debug --core=plain --dptr=16,1                   #
#                          --data_model=large --code_model=banked             #
#                          --calling_convention=xdata_reentrant               #
#                          --place_constants=data_rom --nr_virtual_regs 8 -I  #
#                          "C:\Users\fangxi1998\Desktop\课程设计\zigbee       #
#                          嵌入式linux\zigbee最终\1\Zigbee-TempFireHumi\Texas #
#                           Instruments\Projects\zstack\Samples\MyfirstAPP\CC #
#                          2530DB\" -I "C:\Users\fangxi1998\Desktop\课程设计\ #
#                          zigbee 嵌入式linux\zigbee最终\1\Zigbee-TempFireHum #
#                          i\Texas Instruments\Projects\zstack\Samples\Myfirs #
#                          tAPP\CC2530DB\..\SOURCE\" -I                       #
#                          "C:\Users\fangxi1998\Desktop\课程设计\zigbee       #
#                          嵌入式linux\zigbee最终\1\Zigbee-TempFireHumi\Texas #
#                           Instruments\Projects\zstack\Samples\MyfirstAPP\CC #
#                          2530DB\..\..\..\ZMAIN\TI2530DB\" -I                #
#                          "C:\Users\fangxi1998\Desktop\课程设计\zigbee       #
#                          嵌入式linux\zigbee最终\1\Zigbee-TempFireHumi\Texas #
#                           Instruments\Projects\zstack\Samples\MyfirstAPP\CC #
#                          2530DB\..\..\..\..\..\COMPONENTS\MT\" -I           #
#                          "C:\Users\fangxi1998\Desktop\课程设计\zigbee       #
#                          嵌入式linux\zigbee最终\1\Zigbee-TempFireHumi\Texas #
#                           Instruments\Projects\zstack\Samples\MyfirstAPP\CC #
#                          2530DB\..\..\..\..\..\COMPONENTS\HAL\INCLUDE\" -I  #
#                          "C:\Users\fangxi1998\Desktop\课程设计\zigbee       #
#                          嵌入式linux\zigbee最终\1\Zigbee-TempFireHumi\Texas #
#                           Instruments\Projects\zstack\Samples\MyfirstAPP\CC #
#                          2530DB\..\..\..\..\..\COMPONENTS\HAL\TARGET\CC2530 #
#                          EB\" -I "C:\Users\fangxi1998\Desktop\课程设计\zigb #
#                          ee 嵌入式linux\zigbee最终\1\Zigbee-TempFireHumi\Te #
#                          xas Instruments\Projects\zstack\Samples\MyfirstAPP #
#                          \CC2530DB\..\..\..\..\..\COMPONENTS\OSAL\MCU\CCSOC #
#                          \" -I "C:\Users\fangxi1998\Desktop\课程设计\zigbee #
#                           嵌入式linux\zigbee最终\1\Zigbee-TempFireHumi\Texa #
#                          s Instruments\Projects\zstack\Samples\MyfirstAPP\C #
#                          C2530DB\..\..\..\..\..\COMPONENTS\OSAL\INCLUDE\"   #
#                          -I "C:\Users\fangxi1998\Desktop\课程设计\zigbee    #
#                          嵌入式linux\zigbee最终\1\Zigbee-TempFireHumi\Texas #
#                           Instruments\Projects\zstack\Samples\MyfirstAPP\CC #
#                          2530DB\..\..\..\..\..\COMPONENTS\STACK\AF\" -I     #
#                          "C:\Users\fangxi1998\Desktop\课程设计\zigbee       #
#                          嵌入式linux\zigbee最终\1\Zigbee-TempFireHumi\Texas #
#                           Instruments\Projects\zstack\Samples\MyfirstAPP\CC #
#                          2530DB\..\..\..\..\..\COMPONENTS\STACK\NWK\" -I    #
#                          "C:\Users\fangxi1998\Desktop\课程设计\zigbee       #
#                          嵌入式linux\zigbee最终\1\Zigbee-TempFireHumi\Texas #
#                           Instruments\Projects\zstack\Samples\MyfirstAPP\CC #
#                          2530DB\..\..\..\..\..\COMPONENTS\STACK\SEC\" -I    #
#                          "C:\Users\fangxi1998\Desktop\课程设计\zigbee       #
#                          嵌入式linux\zigbee最终\1\Zigbee-TempFireHumi\Texas #
#                           Instruments\Projects\zstack\Samples\MyfirstAPP\CC #
#                          2530DB\..\..\..\..\..\COMPONENTS\STACK\SAPI\" -I   #
#                          "C:\Users\fangxi1998\Desktop\课程设计\zigbee       #
#                          嵌入式linux\zigbee最终\1\Zigbee-TempFireHumi\Texas #
#                           Instruments\Projects\zstack\Samples\MyfirstAPP\CC #
#                          2530DB\..\..\..\..\..\COMPONENTS\STACK\SYS\" -I    #
#                          "C:\Users\fangxi1998\Desktop\课程设计\zigbee       #
#                          嵌入式linux\zigbee最终\1\Zigbee-TempFireHumi\Texas #
#                           Instruments\Projects\zstack\Samples\MyfirstAPP\CC #
#                          2530DB\..\..\..\..\..\COMPONENTS\STACK\ZDO\" -I    #
#                          "C:\Users\fangxi1998\Desktop\课程设计\zigbee       #
#                          嵌入式linux\zigbee最终\1\Zigbee-TempFireHumi\Texas #
#                           Instruments\Projects\zstack\Samples\MyfirstAPP\CC #
#                          2530DB\..\..\..\..\..\COMPONENTS\ZMAC\F8W\" -I     #
#                          "C:\Users\fangxi1998\Desktop\课程设计\zigbee       #
#                          嵌入式linux\zigbee最终\1\Zigbee-TempFireHumi\Texas #
#                           Instruments\Projects\zstack\Samples\MyfirstAPP\CC #
#                          2530DB\..\..\..\..\..\COMPONENTS\ZMAC\" -I         #
#                          "C:\Users\fangxi1998\Desktop\课程设计\zigbee       #
#                          嵌入式linux\zigbee最终\1\Zigbee-TempFireHumi\Texas #
#                           Instruments\Projects\zstack\Samples\MyfirstAPP\CC #
#                          2530DB\..\..\..\..\..\COMPONENTS\SERVICES\SADDR\"  #
#                          -I "C:\Users\fangxi1998\Desktop\课程设计\zigbee    #
#                          嵌入式linux\zigbee最终\1\Zigbee-TempFireHumi\Texas #
#                           Instruments\Projects\zstack\Samples\MyfirstAPP\CC #
#                          2530DB\..\..\..\..\..\COMPONENTS\SERVICES\SDATA\"  #
#                          -I "C:\Users\fangxi1998\Desktop\课程设计\zigbee    #
#                          嵌入式linux\zigbee最终\1\Zigbee-TempFireHumi\Texas #
#                           Instruments\Projects\zstack\Samples\MyfirstAPP\CC #
#                          2530DB\..\..\..\..\..\COMPONENTS\MAC\INCLUDE\" -I  #
#                          "C:\Users\fangxi1998\Desktop\课程设计\zigbee       #
#                          嵌入式linux\zigbee最终\1\Zigbee-TempFireHumi\Texas #
#                           Instruments\Projects\zstack\Samples\MyfirstAPP\CC #
#                          2530DB\..\..\..\..\..\COMPONENTS\MAC\HIGH_LEVEL\"  #
#                          -I "C:\Users\fangxi1998\Desktop\课程设计\zigbee    #
#                          嵌入式linux\zigbee最终\1\Zigbee-TempFireHumi\Texas #
#                           Instruments\Projects\zstack\Samples\MyfirstAPP\CC #
#                          2530DB\..\..\..\..\..\COMPONENTS\MAC\LOW_LEVEL\srf #
#                          04\" -I "C:\Users\fangxi1998\Desktop\课程设计\zigb #
#                          ee 嵌入式linux\zigbee最终\1\Zigbee-TempFireHumi\Te #
#                          xas Instruments\Projects\zstack\Samples\MyfirstAPP #
#                          \CC2530DB\..\..\..\..\..\COMPONENTS\MAC\LOW_LEVEL\ #
#                          srf04\SINGLE_CHIP\" -Ohz --require_prototypes      #
#    List file          =  C:\Users\fangxi1998\Desktop\课程设计\zigbee        #
#                          嵌入式linux\zigbee最终\1\Zigbee-TempFireHumi\Texas #
#                           Instruments\Projects\zstack\Samples\MyfirstAPP\CC #
#                          2530DB\CoordinatorEB-Pro\List\yanwu1.lst           #
#    Object file        =  C:\Users\fangxi1998\Desktop\课程设计\zigbee        #
#                          嵌入式linux\zigbee最终\1\Zigbee-TempFireHumi\Texas #
#                           Instruments\Projects\zstack\Samples\MyfirstAPP\CC #
#                          2530DB\CoordinatorEB-Pro\Obj\yanwu1.r51            #
#                                                                             #
#                                                                             #
###############################################################################

C:\Users\fangxi1998\Desktop\课程设计\zigbee 嵌入式linux\zigbee最终\1\Zigbee-TempFireHumi\Texas Instruments\Projects\zstack\Samples\MyfirstAPP\Source\yanwu1.c
      1          #include <ioCC2530.h>

   \                                 In  segment SFR_AN, at 0x80
   \   union <unnamed> volatile __sfr _A_P0
   \                     _A_P0:
   \   000000                DS 1

   \                                 In  segment SFR_AN, at 0xfd
   \   unsigned char volatile __sfr P0DIR
   \                     P0DIR:
   \   000000                DS 1
      2          #include <string.h>
      3          #include "yanwu1.h"
      4          #define uchar unsigned char
      5          #define uint unsigned int

   \                                 In  segment XDATA_Z, align 1, keep-with-next
      6          uchar _data[4];
   \                     _data:
   \   000000                DS 4
   \   000004                REQUIRE __INIT_XDATA_Z
      7          

   \                                 In  segment BANKED_CODE, align 1, keep-with-next
      8          void getyanwu(void)
   \                     getyanwu:
      9          {
   \   000000   C082         PUSH    DPL
   \   000002   C083         PUSH    DPH
   \   000004                ; Saved register size: 2
   \   000004                ; Auto size: 0
     10            DATA_yanwu=1;
   \   000004   D282         SETB    0x80.2
     11            P0DIR &= ~0x04; //重新配置 IO 口方向 输入
   \   000006   53FDFB       ANL     0xfd,#0xfb
     12            if(DATA_yanwu)
   \   000009   A282         MOV     C,0x80.2
   \   00000B   90....       MOV     DPTR,#_data
   \   00000E   5004         JNC     ??getyanwu_0
     13            {
     14              _data[0]='0';
   \   000010   7430         MOV     A,#0x30
   \   000012   8002         SJMP    ??getyanwu_1
     15            }
     16            else
     17            {
     18              _data[0]='1';
   \                     ??getyanwu_0:
   \   000014   7431         MOV     A,#0x31
   \                     ??getyanwu_1:
   \   000016   F0           MOVX    @DPTR,A
     19            }
     20          }
   \   000017   D083         POP     DPH
   \   000019   D082         POP     DPL
   \   00001B   02....       LJMP    ?BRET
   \   00001E                REQUIRE _A_P0
   \   00001E                REQUIRE P0DIR

   \                                 In  segment BANK_RELAYS, align 1
   \                     ??getyanwu?relay:
   \   000000   12....       LCALL   ?BDISPATCH
   \   000003   ......       DC24    getyanwu

   Maximum stack usage in bytes:

     Function ISTACK PSTACK XSTACK
     -------- ------ ------ ------
     getyanwu     2      0      0


   Segment part sizes:

     Function/Label   Bytes
     --------------   -----
     _A_P0               1
     P0DIR               1
     _data               4
     getyanwu           30
     ??getyanwu?relay    6

 
 30 bytes in segment BANKED_CODE
  6 bytes in segment BANK_RELAYS
  2 bytes in segment SFR_AN
  4 bytes in segment XDATA_Z
 
 36 bytes of CODE  memory
  0 bytes of DATA  memory (+ 2 bytes shared)
  4 bytes of XDATA memory

Errors: none
Warnings: none
